\BOOKMARK [1][-]{section.1}{\376\377\000C\000o\000n\000c\000e\000i\000t\000o\000s\000\040\000F\000u\000n\000d\000a\000m\000e\000n\000t\000a\000i\000s}{}% 1
\BOOKMARK [2][-]{subsection.1.1}{\376\377\000R\000e\000f\000e\000r\000e\000n\000c\000i\000a\000l\000\040\000e\000\040\000P\000o\000s\000i\000\347\000\343\000o}{section.1}% 2
\BOOKMARK [2][-]{subsection.1.2}{\376\377\000T\000r\000a\000j\000e\000t\000\363\000r\000i\000a}{section.1}% 3
\BOOKMARK [2][-]{subsection.1.3}{\376\377\000D\000e\000s\000l\000o\000c\000a\000m\000e\000n\000t\000o\000\040\000e\000\040\000D\000i\000s\000t\000\342\000n\000c\000i\000a\000\040\000P\000e\000r\000c\000o\000r\000r\000i\000d\000a}{section.1}% 4
\BOOKMARK [2][-]{subsection.1.4}{\376\377\000V\000e\000l\000o\000c\000i\000d\000a\000d\000e\000\040\000M\000\351\000d\000i\000a}{section.1}% 5
\BOOKMARK [2][-]{subsection.1.5}{\376\377\000A\000c\000e\000l\000e\000r\000a\000\347\000\343\000o\000\040\000M\000\351\000d\000i\000a}{section.1}% 6
\BOOKMARK [1][-]{section.2}{\376\377\000M\000o\000v\000i\000m\000e\000n\000t\000o\000\040\000R\000e\000t\000i\000l\000\355\000n\000e\000o\000\040\000U\000n\000i\000f\000o\000r\000m\000e\000\040\000\050\000M\000R\000U\000\051}{}% 7
\BOOKMARK [2][-]{subsection.2.1}{\376\377\000E\000q\000u\000a\000\347\000\343\000o\000\040\000H\000o\000r\000\341\000r\000i\000a\000\040\000d\000o\000\040\000M\000R\000U}{section.2}% 8
\BOOKMARK [2][-]{subsection.2.2}{\376\377\000G\000r\000\341\000f\000i\000c\000o\000s\000\040\000d\000o\000\040\000M\000R\000U}{section.2}% 9
\BOOKMARK [2][-]{subsection.2.3}{\376\377\000E\000x\000e\000m\000p\000l\000o\000s\000\040\000R\000e\000s\000o\000l\000v\000i\000d\000o\000s}{section.2}% 10
\BOOKMARK [1][-]{section.3}{\376\377\000M\000o\000v\000i\000m\000e\000n\000t\000o\000\040\000R\000e\000t\000i\000l\000\355\000n\000e\000o\000\040\000U\000n\000i\000f\000o\000r\000m\000e\000m\000e\000n\000t\000e\000\040\000V\000a\000r\000i\000a\000d\000o\000\040\000\050\000M\000R\000U\000V\000\051}{}% 11
\BOOKMARK [2][-]{subsection.3.1}{\376\377\000E\000q\000u\000a\000\347\000\343\000o\000\040\000d\000a\000\040\000V\000e\000l\000o\000c\000i\000d\000a\000d\000e}{section.3}% 12
\BOOKMARK [2][-]{subsection.3.2}{\376\377\000E\000q\000u\000a\000\347\000\343\000o\000\040\000H\000o\000r\000\341\000r\000i\000a\000\040\040\024\000\040\000D\000e\000d\000u\000\347\000\343\000o\000\040\000p\000e\000l\000a\000\040\000\301\000r\000e\000a}{section.3}% 13
\BOOKMARK [2][-]{subsection.3.3}{\376\377\000E\000q\000u\000a\000\347\000\343\000o\000\040\000d\000e\000\040\000T\000o\000r\000r\000i\000c\000e\000l\000l\000i\000\040\040\024\000\040\000D\000e\000d\000u\000\347\000\343\000o}{section.3}% 14
\BOOKMARK [2][-]{subsection.3.4}{\376\377\000G\000r\000\341\000f\000i\000c\000o\000s\000\040\000d\000o\000\040\000M\000R\000U\000V}{section.3}% 15
\BOOKMARK [2][-]{subsection.3.5}{\376\377\000E\000x\000e\000m\000p\000l\000o\000s\000\040\000R\000e\000s\000o\000l\000v\000i\000d\000o\000s}{section.3}% 16
\BOOKMARK [1][-]{section.4}{\376\377\000Q\000u\000e\000d\000a\000\040\000L\000i\000v\000r\000e\000\040\000e\000\040\000L\000a\000n\000\347\000a\000m\000e\000n\000t\000o\000\040\000V\000e\000r\000t\000i\000c\000a\000l}{}% 17
\BOOKMARK [2][-]{subsection.4.1}{\376\377\000Q\000u\000e\000d\000a\000\040\000L\000i\000v\000r\000e}{section.4}% 18
\BOOKMARK [2][-]{subsection.4.2}{\376\377\000L\000a\000n\000\347\000a\000m\000e\000n\000t\000o\000\040\000V\000e\000r\000t\000i\000c\000a\000l\000\040\000p\000a\000r\000a\000\040\000C\000i\000m\000a}{section.4}% 19
\BOOKMARK [1][-]{section.5}{\376\377\000L\000a\000n\000\347\000a\000m\000e\000n\000t\000o\000\040\000O\000b\000l\000\355\000q\000u\000o}{}% 20
\BOOKMARK [2][-]{subsection.5.1}{\376\377\000D\000e\000c\000o\000m\000p\000o\000s\000i\000\347\000\343\000o\000\040\000d\000a\000\040\000V\000e\000l\000o\000c\000i\000d\000a\000d\000e\000\040\000I\000n\000i\000c\000i\000a\000l}{section.5}% 21
\BOOKMARK [2][-]{subsection.5.2}{\376\377\000T\000e\000m\000p\000o\000\040\000d\000e\000\040\000V\000o\000o\000,\000\040\000A\000l\000c\000a\000n\000c\000e\000\040\000e\000\040\000A\000l\000t\000u\000r\000a\000\040\000M\000\341\000x\000i\000m\000a}{section.5}% 22
\BOOKMARK [1][-]{section.6}{\376\377\000R\000e\000s\000u\000m\000o\000\040\000d\000e\000\040\000F\000\363\000r\000m\000u\000l\000a\000s}{}% 23
\BOOKMARK [1][-]{section.7}{\376\377\000Q\000u\000e\000s\000t\000\365\000e\000s\000\040\000d\000e\000\040\000E\000N\000E\000M\000\040\000e\000\040\000V\000e\000s\000t\000i\000b\000u\000l\000a\000r}{}% 24
